---
http_interactions:
- request:
    method: post
    uri: https://<SCORM_ENGINE_HOST>/ScormEngineInterface/api/v1/ScormEngineGemTesting-default/courses/importJobs?course=an-invalid-course-url&mayCreateNewVersion=true
    body:
      encoding: UTF-8
      string: '{"url":"https://github.com/get-bridge/scorm_engine/raw/master/spec/fixtures/zip/non-existent-key.zip","courseName":"an-invalid-course-url"}'
    headers:
      User-Agent:
      - ScormEngine Ruby Gem 0.8.2
      Authorization:
      - Basic <BASIC_AUTH>
      Content-Type:
      - application/json
  response:
    status:
      code: 200
      message: OK
    headers:
      content-type:
      - application/json
      content-length:
      - '152'
      connection:
      - close
      date:
      - Tue, 10 Nov 2020 22:57:57 GMT
      p3p:
      - CP="NOI"
      server:
      - Apache
      x-xss-protection:
      - 1; mode=block
      x-cache:
      - Miss from cloudfront
      via:
      - 1.1 df0a4ea7de0fa05190904df4271e5d1e.cloudfront.net (CloudFront)
      x-amz-cf-pop:
      - SLC50-C1
      x-amz-cf-id:
      - eG3GGx_ITkGluDycdXiKnJ7qj2knFRJodeiNdHj2YzeCKZ_rYkKDVQ==
    body:
      encoding: UTF-8
      string: '{"result":"3ae0722d-fae6-423d-b0d4-05bb163acea7","importResult":{"jobId":"3ae0722d-fae6-423d-b0d4-05bb163acea7","status":"RUNNING","parserWarnings":[]}}'
    http_version: 
  recorded_at: Tue, 10 Nov 2020 22:57:57 GMT
- request:
    method: get
    uri: https://<SCORM_ENGINE_HOST>/ScormEngineInterface/api/v1/ScormEngineGemTesting-default/courses/importJobs/3ae0722d-fae6-423d-b0d4-05bb163acea7
    body:
      encoding: US-ASCII
      string: ''
    headers:
      User-Agent:
      - ScormEngine Ruby Gem 0.8.2
      Authorization:
      - Basic <BASIC_AUTH>
  response:
    status:
      code: 200
      message: OK
    headers:
      content-type:
      - application/json
      content-length:
      - '85'
      connection:
      - close
      date:
      - Tue, 10 Nov 2020 22:57:57 GMT
      p3p:
      - CP="NOI"
      server:
      - Apache
      x-xss-protection:
      - 1; mode=block
      x-cache:
      - Miss from cloudfront
      via:
      - 1.1 42785c2f14671098509d558abb6814f1.cloudfront.net (CloudFront)
      x-amz-cf-pop:
      - SLC50-C1
      x-amz-cf-id:
      - z9EiEn6BIA_Usve79csJAji2-L4E53g3aUyTT_-6JJHgcEbNz9Rkmw==
    body:
      encoding: UTF-8
      string: '{"jobId":"3ae0722d-fae6-423d-b0d4-05bb163acea7","status":"ERROR","parserWarnings":[]}'
    http_version: 
  recorded_at: Tue, 10 Nov 2020 22:57:57 GMT
- request:
    method: get
    uri: https://<SCORM_ENGINE_HOST>/ScormEngineInterface/api/v1/ScormEngineGemTesting-default/courses/importJobs/3ae0722d-fae6-423d-b0d4-05bb163acea7
    body:
      encoding: US-ASCII
      string: ''
    headers:
      User-Agent:
      - ScormEngine Ruby Gem 0.8.2
      Authorization:
      - Basic <BASIC_AUTH>
  response:
    status:
      code: 200
      message: OK
    headers:
      content-type:
      - application/json
      content-length:
      - '85'
      connection:
      - close
      date:
      - Tue, 10 Nov 2020 22:57:57 GMT
      p3p:
      - CP="NOI"
      server:
      - Apache
      x-xss-protection:
      - 1; mode=block
      x-cache:
      - Miss from cloudfront
      via:
      - 1.1 3046ef5af023075cfbd500968062319e.cloudfront.net (CloudFront)
      x-amz-cf-pop:
      - SLC50-C1
      x-amz-cf-id:
      - 2NSU1w6jzHb9fK8r4Nk3mch1V9ST-mAAKL0-gye_D9aLaltVLj4U8w==
    body:
      encoding: UTF-8
      string: '{"jobId":"3ae0722d-fae6-423d-b0d4-05bb163acea7","status":"ERROR","parserWarnings":[]}'
    http_version: 
  recorded_at: Tue, 10 Nov 2020 22:57:57 GMT
recorded_with: VCR 4.0.0
