---
http_interactions:
- request:
    method: get
    uri: https://<SCORM_ENGINE_HOST>/ScormEngineInterface/api/v1/ScormEngineGemTesting-default/dispatches/testing-dispatch-id-2
    body:
      encoding: US-ASCII
      string: ''
    headers:
      User-Agent:
      - ScormEngine Ruby Gem 0.8.2
      Authorization:
      - Basic <BASIC_AUTH>
  response:
    status:
      code: 200
      message: OK
    headers:
      content-type:
      - application/json
      content-length:
      - '325'
      connection:
      - close
      date:
      - Tue, 10 Nov 2020 22:59:20 GMT
      p3p:
      - CP="NOI"
      server:
      - Apache
      x-xss-protection:
      - 1; mode=block
      x-cache:
      - Miss from cloudfront
      via:
      - 1.1 3917d15f2f5fbcd37ae2fb2846d0022e.cloudfront.net (CloudFront)
      x-amz-cf-pop:
      - SLC50-C1
      x-amz-cf-id:
      - nPdkuXLv3V4yNCeuA8VuMWAehUb_MEWaGHG6nYKEIo5IsNQjj5FGDg==
    body:
      encoding: UTF-8
      string: '{"destinationId":"testing-golf-club","courseId":"testing-golf-explained","allowNewRegistrations":false,"instanced":false,"registrationCap":123,"expirationDate":"2018-01-01T00:00:00.000Z","externalConfig":"scormenginegemtesting-default","enabled":false,"registrationCount":0,"registrationResetDate":"2020-11-10T22:59:19.000Z"}'
    http_version: 
  recorded_at: Tue, 10 Nov 2020 22:59:20 GMT
- request:
    method: post
    uri: https://<SCORM_ENGINE_HOST>/ScormEngineInterface/api/v1/ScormEngineGemTesting-default/dispatches
    body:
      encoding: UTF-8
      string: '{"dispatches":[{"id":"testing-dispatch-id-2","data":{"destinationId":"testing-golf-club","courseId":"testing-golf-explained","allowNewRegistrations":false,"instanced":false,"registrationCap":123,"expirationDate":"2030-01-01","externalConfig":null}}]}'
    headers:
      User-Agent:
      - ScormEngine Ruby Gem 0.8.2
      Authorization:
      - Basic <BASIC_AUTH>
      Content-Type:
      - application/json
  response:
    status:
      code: 204
      message: No Content
    headers:
      connection:
      - close
      date:
      - Tue, 10 Nov 2020 22:59:20 GMT
      p3p:
      - CP="NOI"
      server:
      - Apache
      x-xss-protection:
      - 1; mode=block
      x-cache:
      - Miss from cloudfront
      via:
      - 1.1 8bb5b74069e9505becb1d7e84c9b94e8.cloudfront.net (CloudFront)
      x-amz-cf-pop:
      - SLC50-C1
      x-amz-cf-id:
      - m2A5G5hgOtccglNkiaOxVivQDDbYTW3zy42Uzg7-uedsXVTgbGGByA==
    body:
      encoding: UTF-8
      string: ''
    http_version: 
  recorded_at: Tue, 10 Nov 2020 22:59:20 GMT
- request:
    method: get
    uri: https://<SCORM_ENGINE_HOST>/ScormEngineInterface/api/v1/ScormEngineGemTesting-default/dispatches/testing-dispatch-id-2
    body:
      encoding: US-ASCII
      string: ''
    headers:
      User-Agent:
      - ScormEngine Ruby Gem 0.8.2
      Authorization:
      - Basic <BASIC_AUTH>
  response:
    status:
      code: 200
      message: OK
    headers:
      content-type:
      - application/json
      content-length:
      - '325'
      connection:
      - close
      date:
      - Tue, 10 Nov 2020 22:59:21 GMT
      p3p:
      - CP="NOI"
      server:
      - Apache
      x-xss-protection:
      - 1; mode=block
      x-cache:
      - Miss from cloudfront
      via:
      - 1.1 ec99de6a8df96b4e008b942ab98e6595.cloudfront.net (CloudFront)
      x-amz-cf-pop:
      - SLC50-C1
      x-amz-cf-id:
      - TQwFHwU2F4BhPNaS-pSb7OiwdaCg9tbgkHVqcfr2eLrDASwhnlRwbA==
    body:
      encoding: UTF-8
      string: '{"destinationId":"testing-golf-club","courseId":"testing-golf-explained","allowNewRegistrations":false,"instanced":false,"registrationCap":123,"expirationDate":"2030-01-01T00:00:00.000Z","externalConfig":"scormenginegemtesting-default","enabled":false,"registrationCount":0,"registrationResetDate":"2020-11-10T22:59:19.000Z"}'
    http_version: 
  recorded_at: Tue, 10 Nov 2020 22:59:21 GMT
recorded_with: VCR 4.0.0
